// Jest Snapshot v1, https://goo.gl/fbAQLP

exports[`Form matches a snapshot 1`] = `
<form
  className="Form"
  onSubmit={[Function]}
>
  <div>
    <h2>
      Request
    </h2>
  </div>
  <div>
    <input
      onChange={[Function]}
      placeholder="URL"
      type="text"
      value="https://history.muffinlabs.com/date"
    />
    <button>
      Send
    </button>
  </div>
  <section>
    <label
      htmlFor="get"
    >
      get
    </label>
    <input
      checked={true}
      id="get"
      onChange={[Function]}
      type="radio"
      value="get"
    />
    <label
      htmlFor="post"
    >
      post
    </label>
    <input
      checked={false}
      id="post"
      onChange={[Function]}
      type="radio"
      value="post"
    />
    <label
      htmlFor="put"
    >
      put
    </label>
    <input
      checked={false}
      id="put"
      onChange={[Function]}
      type="radio"
      value="put"
    />
    <label
      htmlFor="delete"
    >
      delete
    </label>
    <input
      checked={false}
      id="delete"
      onChange={[Function]}
      type="radio"
      value="delete"
    />
  </section>
  <textarea
    onChange={[Function]}
    placeholder="Raw JSON Body"
    type="text"
  />
</form>
`;
