// Jest Snapshot v1, https://goo.gl/fbAQLP

exports[`App component renders App 1`] = `
<Fragment>
  <Header />
  <section
    className="App"
  >
    <ClientPage />
    <RequestHistory
      requests={
        Array [
          Object {
            "method": "post",
            "url": "https://jsonplaceholder.typicode.com/posts",
          },
          Object {
            "method": "get",
            "url": "https://jsonplaceholder.typicode.com/posts",
          },
          Object {
            "method": "put",
            "url": "https://jsonplaceholder.typicode.com/posts",
          },
          Object {
            "method": "put",
            "url": "https://jsonplaceholder.typicode.com/posts",
          },
        ]
      }
    />
  </section>
</Fragment>
`;
